../Core/Src/main.c:89:6:read_all_adc_polling	32	static
../Core/Src/main.c:111:6:calculate_percentages	16	static
../Core/Src/main.c:123:6:display_on_lcd	32	static
../Core/Src/main.c:191:5:main	8	static
../Core/Src/main.c:276:6:SystemClock_Config	88	static
../Core/Src/main.c:318:13:MX_ADC1_Init	24	static
../Core/Src/main.c:369:13:MX_I2C1_Init	8	static
../Core/Src/main.c:401:13:MX_DMA_Init	16	static
../Core/Src/main.c:419:13:MX_GPIO_Init	40	static
../Core/Src/main.c:464:6:Error_Handler	4	static,ignoring_inline_asm
